// Jest Snapshot v1, https://goo.gl/fbAQLP

exports[`<Footer/> renders 1`] = `
<DocumentFragment>
  <footer
    class="footer"
  >
    <hr />
    <div
      class="copyright"
    >
      Â© 2019 Ultimate Moviegoers Guide
    </div>
  </footer>
</DocumentFragment>
`;
