// Jest Snapshot v1, https://goo.gl/fbAQLP

exports[`<Grid/> renders 1`] = `
<DocumentFragment>
  <ul
    class="grid"
  >
    <li>
      <div
        class="loader"
      >
        Loading...
      </div>
    </li>
  </ul>
</DocumentFragment>
`;
