// Jest Snapshot v1, https://goo.gl/fbAQLP

exports[`<MovieDetails/> renders 1`] = `
<DocumentFragment>
  <div
    class="container"
  >
    <header
      class="app-header"
    >
      <div
        class="header-left"
      >
        <a
          href="#/"
          title="Ultimate Moviegoers Guide"
        >
          <h1
            class="header-logo"
          >
            <img
              alt="Ultimate Moviegoers Guide"
              src="logo.png"
            />
          </h1>
        </a>
      </div>
      <div
        class="header-right"
      >
        <div
          class="app-search"
        >
          <input
            autocomplete="off"
            autocorrect="off"
            placeholder="search it."
            spellcheck="false"
          />
          <img
            alt="Search"
            class="search-mag"
            src="mag.svg"
          />
        </div>
      </div>
    </header>
    <main
      class="content"
    >
      <div
        class="loading"
      >
        loading...
      </div>
    </main>
    <footer
      class="footer"
    >
      <hr />
      <div
        class="copyright"
      >
        Â© 2019 Ultimate Moviegoers Guide
      </div>
    </footer>
  </div>
</DocumentFragment>
`;
